[2026-04-06T11:18:06.809Z] [INFO] Scheduled task: Full anatomy rescan (0 */6 * * *)
[2026-04-06T11:18:06.810Z] [INFO] Scheduled task: Consolidate old memory (0 2 * * *)
[2026-04-06T11:18:06.810Z] [INFO] Scheduled task: Token audit report (0 0 * * 1)
[2026-04-06T11:18:06.810Z] [INFO] Scheduled task: Cerebrum reflection (0 3 * * 0)
[2026-04-06T11:18:06.810Z] [INFO] Scheduled task: AI suggestions (0 4 * * 1)
[2026-04-06T11:18:06.810Z] [INFO] File watcher started on .wolf/
[2026-04-06T11:18:06.811Z] [INFO] OpenWolf daemon started
[2026-04-06T11:18:06.811Z] [INFO] Dashboard server listening on port 18791
[2026-04-06T11:18:06.924Z] [INFO] Scheduled task: Full anatomy rescan (0 */6 * * *)
[2026-04-06T11:18:06.924Z] [INFO] Scheduled task: Consolidate old memory (0 2 * * *)
[2026-04-06T11:18:06.925Z] [INFO] Scheduled task: Token audit report (0 0 * * 1)
[2026-04-06T11:18:06.925Z] [INFO] Scheduled task: Cerebrum reflection (0 3 * * 0)
[2026-04-06T11:18:06.925Z] [INFO] Scheduled task: AI suggestions (0 4 * * 1)
[2026-04-06T11:18:06.925Z] [INFO] File watcher started on .wolf/
[2026-04-06T11:18:06.925Z] [INFO] OpenWolf daemon started
[2026-04-06T11:18:06.926Z] [INFO] Dashboard server listening on port 18791
[2026-04-06T11:18:07.036Z] [INFO] Scheduled task: Full anatomy rescan (0 */6 * * *)
[2026-04-06T11:18:07.037Z] [INFO] Scheduled task: Consolidate old memory (0 2 * * *)
[2026-04-06T11:18:07.037Z] [INFO] Scheduled task: Token audit report (0 0 * * 1)
[2026-04-06T11:18:07.037Z] [INFO] Scheduled task: Cerebrum reflection (0 3 * * 0)
[2026-04-06T11:18:07.037Z] [INFO] Scheduled task: AI suggestions (0 4 * * 1)
[2026-04-06T11:18:07.038Z] [INFO] File watcher started on .wolf/
[2026-04-06T11:18:07.038Z] [INFO] OpenWolf daemon started
[2026-04-06T11:18:07.038Z] [INFO] Dashboard server listening on port 18791
[2026-04-06T11:18:07.150Z] [INFO] Scheduled task: Full anatomy rescan (0 */6 * * *)
[2026-04-06T11:18:07.150Z] [INFO] Scheduled task: Consolidate old memory (0 2 * * *)
[2026-04-06T11:18:07.150Z] [INFO] Scheduled task: Token audit report (0 0 * * 1)
[2026-04-06T11:18:07.151Z] [INFO] Scheduled task: Cerebrum reflection (0 3 * * 0)
[2026-04-06T11:18:07.151Z] [INFO] Scheduled task: AI suggestions (0 4 * * 1)
[2026-04-06T11:18:07.151Z] [INFO] File watcher started on .wolf/
[2026-04-06T11:18:07.151Z] [INFO] OpenWolf daemon started
[2026-04-06T11:18:07.151Z] [INFO] Dashboard server listening on port 18791
[2026-04-06T11:18:07.260Z] [INFO] Scheduled task: Full anatomy rescan (0 */6 * * *)
[2026-04-06T11:18:07.261Z] [INFO] Scheduled task: Consolidate old memory (0 2 * * *)
[2026-04-06T11:18:07.261Z] [INFO] Scheduled task: Token audit report (0 0 * * 1)
[2026-04-06T11:18:07.261Z] [INFO] Scheduled task: Cerebrum reflection (0 3 * * 0)
[2026-04-06T11:18:07.261Z] [INFO] Scheduled task: AI suggestions (0 4 * * 1)
[2026-04-06T11:18:07.262Z] [INFO] File watcher started on .wolf/
[2026-04-06T11:18:07.262Z] [INFO] OpenWolf daemon started
[2026-04-06T11:18:07.262Z] [INFO] Dashboard server listening on port 18791
[2026-04-06T11:18:07.372Z] [INFO] Scheduled task: Full anatomy rescan (0 */6 * * *)
[2026-04-06T11:18:07.372Z] [INFO] Scheduled task: Consolidate old memory (0 2 * * *)
[2026-04-06T11:18:07.372Z] [INFO] Scheduled task: Token audit report (0 0 * * 1)
[2026-04-06T11:18:07.372Z] [INFO] Scheduled task: Cerebrum reflection (0 3 * * 0)
[2026-04-06T11:18:07.373Z] [INFO] Scheduled task: AI suggestions (0 4 * * 1)
[2026-04-06T11:18:07.373Z] [INFO] File watcher started on .wolf/
[2026-04-06T11:18:07.373Z] [INFO] OpenWolf daemon started
[2026-04-06T11:18:07.373Z] [INFO] Dashboard server listening on port 18791
[2026-04-06T11:18:07.483Z] [INFO] Scheduled task: Full anatomy rescan (0 */6 * * *)
[2026-04-06T11:18:07.483Z] [INFO] Scheduled task: Consolidate old memory (0 2 * * *)
[2026-04-06T11:18:07.484Z] [INFO] Scheduled task: Token audit report (0 0 * * 1)
[2026-04-06T11:18:07.484Z] [INFO] Scheduled task: Cerebrum reflection (0 3 * * 0)
[2026-04-06T11:18:07.484Z] [INFO] Scheduled task: AI suggestions (0 4 * * 1)
[2026-04-06T11:18:07.484Z] [INFO] File watcher started on .wolf/
[2026-04-06T11:18:07.484Z] [INFO] OpenWolf daemon started
[2026-04-06T11:18:07.485Z] [INFO] Dashboard server listening on port 18791
[2026-04-06T11:18:07.592Z] [INFO] Scheduled task: Full anatomy rescan (0 */6 * * *)
[2026-04-06T11:18:07.592Z] [INFO] Scheduled task: Consolidate old memory (0 2 * * *)
[2026-04-06T11:18:07.593Z] [INFO] Scheduled task: Token audit report (0 0 * * 1)
[2026-04-06T11:18:07.593Z] [INFO] Scheduled task: Cerebrum reflection (0 3 * * 0)
[2026-04-06T11:18:07.593Z] [INFO] Scheduled task: AI suggestions (0 4 * * 1)
[2026-04-06T11:18:07.593Z] [INFO] File watcher started on .wolf/
[2026-04-06T11:18:07.593Z] [INFO] OpenWolf daemon started
[2026-04-06T11:18:07.594Z] [INFO] Dashboard server listening on port 18791
[2026-04-06T11:18:07.703Z] [INFO] Scheduled task: Full anatomy rescan (0 */6 * * *)
[2026-04-06T11:18:07.703Z] [INFO] Scheduled task: Consolidate old memory (0 2 * * *)
[2026-04-06T11:18:07.703Z] [INFO] Scheduled task: Token audit report (0 0 * * 1)
[2026-04-06T11:18:07.704Z] [INFO] Scheduled task: Cerebrum reflection (0 3 * * 0)
[2026-04-06T11:18:07.704Z] [INFO] Scheduled task: AI suggestions (0 4 * * 1)
[2026-04-06T11:18:07.704Z] [INFO] File watcher started on .wolf/
[2026-04-06T11:18:07.704Z] [INFO] OpenWolf daemon started
[2026-04-06T11:18:07.704Z] [INFO] Dashboard server listening on port 18791
[2026-04-06T11:18:07.813Z] [INFO] Scheduled task: Full anatomy rescan (0 */6 * * *)
[2026-04-06T11:18:07.814Z] [INFO] Scheduled task: Consolidate old memory (0 2 * * *)
[2026-04-06T11:18:07.814Z] [INFO] Scheduled task: Token audit report (0 0 * * 1)
[2026-04-06T11:18:07.814Z] [INFO] Scheduled task: Cerebrum reflection (0 3 * * 0)
[2026-04-06T11:18:07.814Z] [INFO] Scheduled task: AI suggestions (0 4 * * 1)
[2026-04-06T11:18:07.814Z] [INFO] File watcher started on .wolf/
[2026-04-06T11:18:07.815Z] [INFO] OpenWolf daemon started
[2026-04-06T11:18:07.815Z] [INFO] Dashboard server listening on port 18791
[2026-04-06T11:18:07.925Z] [INFO] Scheduled task: Full anatomy rescan (0 */6 * * *)
[2026-04-06T11:18:07.925Z] [INFO] Scheduled task: Consolidate old memory (0 2 * * *)
[2026-04-06T11:18:07.926Z] [INFO] Scheduled task: Token audit report (0 0 * * 1)
[2026-04-06T11:18:07.926Z] [INFO] Scheduled task: Cerebrum reflection (0 3 * * 0)
[2026-04-06T11:18:07.926Z] [INFO] Scheduled task: AI suggestions (0 4 * * 1)
[2026-04-06T11:18:07.926Z] [INFO] File watcher started on .wolf/
[2026-04-06T11:18:07.926Z] [INFO] OpenWolf daemon started
[2026-04-06T11:18:07.927Z] [INFO] Dashboard server listening on port 18791
[2026-04-06T11:18:08.037Z] [INFO] Scheduled task: Full anatomy rescan (0 */6 * * *)
[2026-04-06T11:18:08.038Z] [INFO] Scheduled task: Consolidate old memory (0 2 * * *)
[2026-04-06T11:18:08.038Z] [INFO] Scheduled task: Token audit report (0 0 * * 1)
[2026-04-06T11:18:08.038Z] [INFO] Scheduled task: Cerebrum reflection (0 3 * * 0)
[2026-04-06T11:18:08.038Z] [INFO] Scheduled task: AI suggestions (0 4 * * 1)
[2026-04-06T11:18:08.039Z] [INFO] File watcher started on .wolf/
[2026-04-06T11:18:08.039Z] [INFO] OpenWolf daemon started
[2026-04-06T11:18:08.039Z] [INFO] Dashboard server listening on port 18791
[2026-04-06T11:18:08.148Z] [INFO] Scheduled task: Full anatomy rescan (0 */6 * * *)
[2026-04-06T11:18:08.149Z] [INFO] Scheduled task: Consolidate old memory (0 2 * * *)
[2026-04-06T11:18:08.149Z] [INFO] Scheduled task: Token audit report (0 0 * * 1)
[2026-04-06T11:18:08.149Z] [INFO] Scheduled task: Cerebrum reflection (0 3 * * 0)
[2026-04-06T11:18:08.149Z] [INFO] Scheduled task: AI suggestions (0 4 * * 1)
[2026-04-06T11:18:08.149Z] [INFO] File watcher started on .wolf/
[2026-04-06T11:18:08.150Z] [INFO] OpenWolf daemon started
[2026-04-06T11:18:08.150Z] [INFO] Dashboard server listening on port 18791
[2026-04-06T11:18:08.262Z] [INFO] Scheduled task: Full anatomy rescan (0 */6 * * *)
[2026-04-06T11:18:08.262Z] [INFO] Scheduled task: Consolidate old memory (0 2 * * *)
[2026-04-06T11:18:08.263Z] [INFO] Scheduled task: Token audit report (0 0 * * 1)
[2026-04-06T11:18:08.263Z] [INFO] Scheduled task: Cerebrum reflection (0 3 * * 0)
[2026-04-06T11:18:08.263Z] [INFO] Scheduled task: AI suggestions (0 4 * * 1)
[2026-04-06T11:18:08.263Z] [INFO] File watcher started on .wolf/
[2026-04-06T11:18:08.264Z] [INFO] OpenWolf daemon started
[2026-04-06T11:18:08.264Z] [INFO] Dashboard server listening on port 18791
[2026-04-06T11:18:08.375Z] [INFO] Scheduled task: Full anatomy rescan (0 */6 * * *)
[2026-04-06T11:18:08.376Z] [INFO] Scheduled task: Consolidate old memory (0 2 * * *)
[2026-04-06T11:18:08.376Z] [INFO] Scheduled task: Token audit report (0 0 * * 1)
[2026-04-06T11:18:08.376Z] [INFO] Scheduled task: Cerebrum reflection (0 3 * * 0)
[2026-04-06T11:18:08.376Z] [INFO] Scheduled task: AI suggestions (0 4 * * 1)
[2026-04-06T11:18:08.377Z] [INFO] File watcher started on .wolf/
[2026-04-06T11:18:08.377Z] [INFO] OpenWolf daemon started
[2026-04-06T11:18:08.377Z] [INFO] Dashboard server listening on port 18791
[2026-04-06T11:18:08.490Z] [INFO] Scheduled task: Full anatomy rescan (0 */6 * * *)
[2026-04-06T11:18:08.491Z] [INFO] Scheduled task: Consolidate old memory (0 2 * * *)
[2026-04-06T11:18:08.491Z] [INFO] Scheduled task: Token audit report (0 0 * * 1)
[2026-04-06T11:18:08.491Z] [INFO] Scheduled task: Cerebrum reflection (0 3 * * 0)
[2026-04-06T11:18:08.491Z] [INFO] Scheduled task: AI suggestions (0 4 * * 1)
[2026-04-06T11:18:08.491Z] [INFO] File watcher started on .wolf/
[2026-04-06T11:18:08.492Z] [INFO] OpenWolf daemon started
[2026-04-06T11:18:08.492Z] [INFO] Dashboard server listening on port 18791
